<html>
<body>
<pre>
<h1>礦ision Build Log</h1>
<h2>Tool Versions:</h2>
IDE-Version: μVision V5.35.0.0
Copyright (C) 2021 ARM Ltd and ARM Germany GmbH. All rights reserved.
License Information: 1 liu, 1, LIC=SDA0P-MPC99-BSRYX-H390X-2FW8S-UBIYK
 
Tool Versions:
Toolchain:       MDK-ARM Plus  Version: 5.35.0.2
Toolchain Path:  F:\Keil_v5\ARM\ARMCC\Bin
C Compiler:      Armcc.exe V5.06 update 7 (build 960)
Assembler:       Armasm.exe V5.06 update 7 (build 960)
Linker/Locator:  ArmLink.exe V5.06 update 7 (build 960)
Library Manager: ArmAr.exe V5.06 update 7 (build 960)
Hex Converter:   FromElf.exe V5.06 update 7 (build 960)
CPU DLL:         SARMCM3.DLL V5.35.0.2
Dialog DLL:      DARMSTM.DLL V1.68.0.0
Target DLL:      STLink\ST-LINKIII-KEIL_SWO.dll V3.0.9.0
Dialog DLL:      TARMSTM.DLL V1.66.0.0
 
<h2>Project:</h2>
I:\物联网参考demo-设备端单片机详细代码\实现过程——与视频小节对应，有助于分步学习和理解\P11 OLED屏幕显示初始化过程信息\stm32f103.uvprojx
Project File Date:  06/04/2024

<h2>Output:</h2>
*** Using Compiler 'V5.06 update 7 (build 960)', folder: 'F:\Keil_v5\ARM\ARMCC\Bin'
Build target 'STM32F103'
compiling main.c...
user\main.c(150): warning:  #167-D: argument of type "char *" is incompatible with parameter of type "const u8 *"
  	LCD_ShowString(70,70,led_info.Led_Status ? "ON  " : "OFF",DARKBLUE,WHITE,16,0);
user\main.c: 1 warning, 0 errors
compiling onenet.c...
NET\onenet\src\onenet.c(547): warning:  #177-D: variable "data_ptr"  was declared but never referenced
  				char *data_ptr = NULL;
NET\onenet\src\onenet.c(533): warning:  #177-D: variable "dataPtr"  was declared but never referenced
  	char *dataPtr = NULL;
NET\onenet\src\onenet.c(534): warning:  #177-D: variable "numBuf"  was declared but never referenced
  	char numBuf[10];
NET\onenet\src\onenet.c(535): warning:  #177-D: variable "num"  was declared but never referenced
  	int num = 0;
NET\onenet\src\onenet.c: 4 warnings, 0 errors
linking...
Program Size: Code=41204 RO-data=10496 RW-data=68 ZI-data=3236  
FromELF: creating hex file...
".\output\stm32f103.axf" - 0 Error(s), 5 Warning(s).

<h2>Software Packages used:</h2>

Package Vendor: ARM
                http://www.keil.com/pack/ARM.CMSIS.5.8.0.pack
                ARM.CMSIS.5.8.0
                CMSIS (Common Microcontroller Software Interface Standard)
   * Component: CORE Version: 5.5.0

Package Vendor: Keil
                https://www.keil.com/pack/Keil.STM32F1xx_DFP.2.4.1.pack
                Keil.STM32F1xx_DFP.2.4.1
                STMicroelectronics STM32F1 Series Device Support, Drivers and Examples

<h2>Collection of Component include folders:</h2>
  .\RTE\_STM32F103
  C:\Users\liu\AppData\Local\Arm\Packs\ARM\CMSIS\5.8.0\CMSIS\Core\Include
  C:\Users\liu\AppData\Local\Arm\Packs\Keil\STM32F1xx_DFP\2.4.1\Device\Include

<h2>Collection of Component Files used:</h2>

   * Component: ARM::CMSIS:CORE:5.5.0
Build Time Elapsed:  00:00:01
</pre>
</body>
</html>
